// Jest Snapshot v1, https://goo.gl/fbAQLP

exports[`Layout Component should match snapshot 1`] = `
<DocumentFragment>
  <div
    class="indexstyles__StyledHero-sc-17i3g0v-0 vlZQG"
  >
    <nav
      class="indexstyles__StyledNav-mi8ir5-0 gfWmhc"
    >
      <ul
        class="indexstyles__StyledUl-mi8ir5-1 hfekUk"
      >
        <li
          class="indexstyles__StyledLi-mi8ir5-2 gaXxcC"
        >
          <a
            class="indexstyles__StyledAnchor-mi8ir5-3 hUFsIF"
            href="/"
          >
            Home
          </a>
        </li>
        <li
          class="indexstyles__StyledLi-mi8ir5-2 gaXxcC"
        >
          <a
            class="indexstyles__StyledAnchor-mi8ir5-3 hUFsIF"
            href="https://zeit.co/now"
          >
            ZEIT
          </a>
        </li>
        <li
          class="indexstyles__StyledLi-mi8ir5-2 gaXxcC"
        >
          <a
            class="indexstyles__StyledAnchor-mi8ir5-3 hUFsIF"
            href="https://github.com/zeit/next.js"
          >
            GitHub
          </a>
        </li>
      </ul>
    </nav>
    <h1
      class="indexstyles__StyledTitle-sc-17i3g0v-1 kpdsfj"
    >
      Welcome to Next.js Starter Test title Page!
    </h1>
    <p
      class="indexstyles__StyledDescripttion-sc-17i3g0v-2 hZrcbT"
    >
      To get started, edit 
      <code>
        pages/index.js
      </code>
       and save to reload.
    </p>
  </div>
</DocumentFragment>
`;
